Warning[w6]: Type conflict for external/entry "write_fm24LC16", in module maze against external/entry in module iic; prototyped function vs K&R function
  /* In module maze: */
  /* K&R Function, args 0, attr 0 */
  int (__atpcs __thumb write_fm24LC16)();
  /* In module iic: */
  /* Function, args 4, attr 0 */
  uint32 (__atpcs __thumb write_fm24LC16)(uint32 *,
                                          uint32,
                                          uint32,
                                          uint32);
    typedef unsigned int uint32;
################################################################################
#                                                                              #
#      IAR Universal Linker V4.60I/386                                         #
#                                                                              #
#           Link time     =  18/Jul/2016  11:55:55                             #
#           Target CPU    =  ARM                                               #
#           List file     =  K:\≈‡—µ\µÁƒ‘ Û\æ´¡È\£®æ´¡È£©\Debug\List\Maze.map  #
#           Output file 1 =  K:\≈‡—µ\µÁƒ‘ Û\æ´¡È\£®æ´¡È£©\Debug\Exe\Maze.d79   #
#                            Format: debug                                     #
#                            UBROF version 10.0.2                              #
#                            Using library modules for C-SPY (-rt)             #
#           Output file 2 =  K:\≈‡—µ\µÁƒ‘ Û\æ´¡È\£®æ´¡È£©\Debug\Exe\Maze.sim   #
#                            Format: simple-code                               #
#           Command line  =  "C:\Program Files (x86)\IAR Systems\Embedded Work #
#                            bench 4.0 Kickstart\arm\lib\Luminary\driverlib.r7 #
#                            9"                                                #
#                            K:\≈‡—µ\µÁƒ‘ Û\æ´¡È\£®æ´¡È£©\Debug\Obj\Mouse_Driv #
#                            e.r79                                             #
#                            K:\≈‡—µ\µÁƒ‘ Û\æ´¡È\£®æ´¡È£©\Debug\Obj\iic.r79    #
#                            K:\≈‡—µ\µÁƒ‘ Û\æ´¡È\£®æ´¡È£©\Debug\Obj\maze.r79   #
#                            K:\≈‡—µ\µÁƒ‘ Û\æ´¡È\£®æ´¡È£©\Debug\Obj\startup.r7 #
#                            9                                                 #
#                            K:\≈‡—µ\µÁƒ‘ Û\æ´¡È\£®æ´¡È£©\Debug\Obj\zlg7289.r7 #
#                            9                                                 #
#                            -o                                                #
#                            K:\≈‡—µ\µÁƒ‘ Û\æ´¡È\£®æ´¡È£©\Debug\Exe\Maze.d79   #
#                            -l                                                #
#                            K:\≈‡—µ\µÁƒ‘ Û\æ´¡È\£®æ´¡È£©\Debug\List\Maze.map  #
#                            -xms                                              #
#                            "-IC:\Program Files (x86)\IAR Systems\Embedded Wo #
#                            rkbench 4.0 Kickstart\arm\LIB\"                   #
#                            -f                                                #
#                            "C:\Program Files (x86)\IAR Systems\Embedded Work #
#                            bench 4.0 Kickstart\arm\config\lnk_LM3.xcl"       #
#                            (-carm -DROMSTART=00000000 -DROMEND=0003FFFF      #
#                            -DRAMSTART=20000000 -DRAMEND=2000FFFF             #
#                            -Z(CODE)INTVEC=ROMSTART-ROMEND                    #
#                            -Z(CODE)ICODE,DIFUNCT=ROMSTART-ROMEND             #
#                            -Z(CODE)CODE=ROMSTART-ROMEND                      #
#                            -Z(CONST)CODE_ID=ROMSTART-ROMEND                  #
#                            -Z(CONST)INITTAB,DATA_ID,DATA_C=ROMSTART-ROMEND   #
#                            -Z(CONST)CHECKSUM=ROMSTART-ROMEND                 #
#                            -Z(DATA)VTABLE=RAMSTART-RAMEND                    #
#                            -Z(DATA)DATA_I,DATA_Z,DATA_N=RAMSTART-RAMEND      #
#                            -Z(DATA)CODE_I=RAMSTART-RAMEND) -rt               #
#                            "C:\Program Files (x86)\IAR Systems\Embedded Work #
#                            bench 4.0 Kickstart\arm\LIB\dl7mptnnl8n.r79"      #
#                            -Osimple-code=K:\≈‡—µ\µÁƒ‘ Û\æ´¡È\£®æ´¡È£©\Debug\ #
#                            Exe\Maze.sim                                      #
#                            -s ResetISR -e__write_buffered=__write            #
#                                                                              #
#                        Copyright 1987-2007 IAR Systems. All rights reserved. #
################################################################################





                ****************************************
                *                                      *
                *           CROSS REFERENCE            *
                *                                      *
                ****************************************

       Program entry at :           00004AC9  Relocatable, from module : startup




                ****************************************
                *                                      *
                *            RUNTIME MODEL             *
                *                                      *
                ****************************************

  StackAlign4   = USED
  __cpu_mode    = __pcs__thumb
  __data_model  = absolute
  __endian      = little
  __rt_version  = 6
  __thumb_aware = enabled



                ****************************************
                *                                      *
                *              MODULE MAP              *
                *                                      *
                ****************************************


  DEFINED ABSOLUTE ENTRIES
    *************************************************************************

  DEFINED ABSOLUTE ENTRIES
  PROGRAM MODULE, NAME : ?ABS_ENTRY_MOD

Absolute parts
           ENTRY                   ADDRESS         REF BY
           =====                   =======         ======
           RAMEND                  2000FFFF 
           RAMSTART                20000000 
           ROMEND                  0003FFFF 
           ROMSTART                00000000 
    *************************************************************************

  FILE NAME : C:\Program Files (x86)\IAR Systems\Embedded Workbench 4.0 Kickstart\arm\lib\Luminary\driverlib.r79
  LIBRARY MODULE, NAME : __lib_gpio

  SEGMENTS IN THE MODULE
  ======================
CODE
  Relative segment, address: 000000F0 - 00000139 (0x4a bytes), align: 2
  Segment part 3.             Intra module refs:   GPIOPinTypePWM
                                                   GPIOPinTypeTimer
           ENTRY                   ADDRESS         REF BY
           =====                   =======         ======
           GPIODirModeSet          000000F1        SCL_OUT (iic)
                                                   SDA_IN (iic)
                                                   SDA_OUT (iic)
                                                   __keyInit (Mouse_Drive)
                                                   __sensorInit (Mouse_Drive)
                                                   __zlg7289SPIRead (zlg7289)
                                                   __zlg7289SPIWrite (zlg7289)
                                                   mouseInit (Mouse_Drive)
                                                   zlg7289Init (zlg7289)
               stack 1 = 00000000 ( 00000004 )
    -------------------------------------------------------------------------
CODE
  Relative segment, address: 0000013C - 0000019F (0x64 bytes), align: 2
  Segment part 5.
           ENTRY                   ADDRESS         REF BY
           =====                   =======         ======
           GPIOIntTypeSet          0000013D        __keyInit (Mouse_Drive)
               stack 1 = 00000000 ( 00000004 )
    -------------------------------------------------------------------------
CODE
  Relative segment, address: 000001A0 - 000002B3 (0x114 bytes), align: 2
  Segment part 7.             Intra module refs:   GPIOPinTypePWM
                                                   GPIOPinTypeTimer
           ENTRY                   ADDRESS         REF BY
           =====                   =======         ======
           GPIOPadConfigSet        000001A1 
               stack 1 = 00000000 ( 00000008 )
    -------------------------------------------------------------------------
CODE
  Relative segment, address: 000002B4 - 000002C3 (0x10 bytes), align: 2
  Segment part 9.
           ENTRY                   ADDRESS         REF BY
           =====                   =======         ======
           GPIOPinIntEnable        000002B5        __keyInit (Mouse_Drive)
    -------------------------------------------------------------------------
CODE
  Relative segment, address: 000002C4 - 000002D3 (0x10 bytes), align: 2
  Segment part 10.
           ENTRY                   ADDRESS         REF BY
           =====                   =======         ======
           GPIOPinIntDisable       000002C5        __keyIntDisable (Mouse_Drive)
    -------------------------------------------------------------------------
CODE
  Relative segment, address: 000002D4 - 000002E5 (0x12 bytes), align: 2
  Segment part 11.
           ENTRY                   ADDRESS         REF BY
           =====                   =======         ======
           GPIOPinIntStatus        000002D5        GPIO_Port_A_ISR (Mouse_Drive)
    -------------------------------------------------------------------------
CODE
  Relative segment, address: 000002E8 - 000002ED (0x6 bytes), align: 2
  Segment part 12.
           ENTRY                   ADDRESS         REF BY
           =====                   =======         ======
           GPIOPinIntClear         000002E9        GPIO_Port_A_ISR (Mouse_Drive)
    -------------------------------------------------------------------------
CODE
  Relative segment, address: 000002F0 - 000002F5 (0x6 bytes), align: 2
  Segment part 15.
           ENTRY                   ADDRESS         REF BY
           =====                   =======         ======
           GPIOPinRead             000002F1        I2CCACK (iic)
                                                   IIC_Read_Byte (iic)
                                                   IIC_Wait_Ack (iic)
                                                   __Encoder (Mouse_Drive)
                                                   __irCheck (Mouse_Drive)
                                                   __zlg7289SPIRead (zlg7289)
                                                   receive_fm24LC16 (iic)
                                                   startCheck (Mouse_Drive)
    -------------------------------------------------------------------------
CODE
  Relative segment, address: 000002F8 - 000002FD (0x6 bytes), align: 2
  Segment part 16.
           ENTRY                   ADDRESS         REF BY
           =====                   =======         ======
           GPIOPinWrite            000002F9        SCL_0 (iic)
                                                   SCL_1 (iic)
                                                   SDA_0 (iic)
                                                   SDA_1 (iic)
                                                   __zlg7289SPIRead (zlg7289)
                                                   __zlg7289SPIWrite (zlg7289)
                                                   mouseInit (Mouse_Drive)
                                                   zlg7289Cmd (zlg7289)
                                                   zlg7289CmdDat (zlg7289)
                                                   zlg7289Init (zlg7289)
                                                   zlg7289Key (zlg7289)
    -------------------------------------------------------------------------
CODE
  Relative segment, address: 00000300 - 0000031D (0x1e bytes), align: 2
  Segment part 23.
           ENTRY                   ADDRESS         REF BY
           =====                   =======         ======
           GPIOPinTypePWM          00000301        __MotorIint (Mouse_Drive)
                                                   __sensorInit (Mouse_Drive)
               stack 1 = 00000000 ( 0000000C )
    -------------------------------------------------------------------------
CODE
  Relative segment, address: 00000320 - 0000033D (0x1e bytes), align: 2
  Segment part 26.
           ENTRY                   ADDRESS         REF BY
           =====                   =======         ======
           GPIOPinTypeTimer        00000321        __MotorIint (Mouse_Drive)
                                                   __sensorInit (Mouse_Drive)
               stack 1 = 00000000 ( 0000000C )

    -------------------------------------------------------------------------
  LIBRARY MODULE, NAME : __lib_interrupt

  SEGMENTS IN THE MODULE
  ======================
CODE
  Relative segment, address: 00000340 - 000003B3 (0x74 bytes), align: 2
  Segment part 18.
           ENTRY                   ADDRESS         REF BY
           =====                   =======         ======
           IntEnable               00000341        __MotorIint (Mouse_Drive)
                                                   __keyInit (Mouse_Drive)
    -------------------------------------------------------------------------
CODE
  Relative segment, address: 000003B4 - 000003B7 (0x4 bytes), align: 2
  Segment part 20.            Intra module refs:   IntEnable
    -------------------------------------------------------------------------
CODE
  Relative segment, address: 000003B8 - 000003BB (0x4 bytes), align: 2
  Segment part 21.            Intra module refs:   IntEnable

    -------------------------------------------------------------------------
  LIBRARY MODULE, NAME : __lib_pwm

  SEGMENTS IN THE MODULE
  ======================
CODE
  Relative segment, address: 000003BC - 000003E7 (0x2c bytes), align: 2
  Segment part 2.
           ENTRY                   ADDRESS         REF BY
           =====                   =======         ======
           PWMGenConfigure         000003BD        __MotorIint (Mouse_Drive)
                                                   __sensorInit (Mouse_Drive)
    -------------------------------------------------------------------------
CODE
  Relative segment, address: 000003E8 - 000003FD (0x16 bytes), align: 2
  Segment part 3.
           ENTRY                   ADDRESS         REF BY
           =====                   =======         ======
           PWMGenPeriodSet         000003E9        __MotorIint (Mouse_Drive)
                                                   __irSendFreq (Mouse_Drive)
    -------------------------------------------------------------------------
CODE
  Relative segment, address: 00000400 - 00000409 (0xa bytes), align: 2
  Segment part 5.
           ENTRY                   ADDRESS         REF BY
           =====                   =======         ======
           PWMGenEnable            00000401        __leftMotorContr (Mouse_Drive)
                                                   __rightMotorContr (Mouse_Drive)
                                                   __sensorInit (Mouse_Drive)
    -------------------------------------------------------------------------
CODE
  Relative segment, address: 0000040C - 00000415 (0xa bytes), align: 2
  Segment part 6.
           ENTRY                   ADDRESS         REF BY
           =====                   =======         ======
           PWMGenDisable           0000040D        __MotorIint (Mouse_Drive)
    -------------------------------------------------------------------------
CODE
  Relative segment, address: 00000418 - 00000435 (0x1e bytes), align: 2
  Segment part 7.
           ENTRY                   ADDRESS         REF BY
           =====                   =======         ======
           PWMPulseWidthSet        00000419        __irSendFreq (Mouse_Drive)
                                                   __leftMotorContr (Mouse_Drive)
                                                   __rightMotorContr (Mouse_Drive)
    -------------------------------------------------------------------------
CODE
  Relative segment, address: 00000438 - 0000044B (0x14 bytes), align: 2
  Segment part 13.
           ENTRY                   ADDRESS         REF BY
           =====                   =======         ======
           PWMOutputState          00000439        __MotorIint (Mouse_Drive)
                                                   __irCheck (Mouse_Drive)
                                                   __irSendFreq (Mouse_Drive)
                                                   __sensorInit (Mouse_Drive)

    -------------------------------------------------------------------------
  LIBRARY MODULE, NAME : __lib_sysctl

  SEGMENTS IN THE MODULE
  ======================
DATA_C
  Relative segment, address: 00005660 - 0000566B (0xc bytes), align: 2
  Segment part 4.             Intra module refs:   Segment part 16
           LOCAL                   ADDRESS         
           =====                   =======         
           g_pulRCGCRegs           00005660 
    -------------------------------------------------------------------------
DATA_C
  Relative segment, address: 0000566C - 000056AB (0x40 bytes), align: 2
  Segment part 7.             Intra module refs:   SysCtlClockGet
           LOCAL                   ADDRESS         
           =====                   =======         
           g_pulXtals              0000566C 
    -------------------------------------------------------------------------
CODE
  Relative segment, address: 0000044C - 00000477 (0x2c bytes), align: 2
  Segment part 14.
           ENTRY                   ADDRESS         REF BY
           =====                   =======         ======
           SysCtlPeripheralEnable
                                   0000044D        __MotorIint (Mouse_Drive)
                                                   __sensorInit (Mouse_Drive)
                                                   mouseInit (Mouse_Drive)
    -------------------------------------------------------------------------
CODE
  Relative segment, address: 00000478 - 0000047B (0x4 bytes), align: 2
  Segment part 16.            Intra module refs:   SysCtlPeripheralEnable
    -------------------------------------------------------------------------
CODE
  Relative segment, address: 0000047C - 00000483 (0x8 bytes), align: 2
  Segment part 42.            Intra module refs:   SysCtlClockSet
           LOCAL                   ADDRESS         
           =====                   =======         
           SysCtlDelay             0000047D 
    -------------------------------------------------------------------------
CODE
  Relative segment, address: 00000484 - 000005D7 (0x154 bytes), align: 2
  Segment part 43.
           ENTRY                   ADDRESS         REF BY
           =====                   =======         ======
           SysCtlClockSet          00000485        mouseInit (Mouse_Drive)
               stack 1 = 00000000 ( 00000010 )
    -------------------------------------------------------------------------
CODE
  Relative segment, address: 000005D8 - 000005DB (0x4 bytes), align: 2
  Segment part 44.            Intra module refs:   SysCtlClockSet
    -------------------------------------------------------------------------
CODE
  Relative segment, address: 000005DC - 000005DF (0x4 bytes), align: 2
  Segment part 45.            Intra module refs:   SysCtlClockSet
    -------------------------------------------------------------------------
CODE
  Relative segment, address: 000005E0 - 000005E3 (0x4 bytes), align: 2
  Segment part 46.            Intra module refs:   SysCtlClockSet
    -------------------------------------------------------------------------
CODE
  Relative segment, address: 000005E4 - 0000073B (0x158 bytes), align: 2
  Segment part 47.
           ENTRY                   ADDRESS         REF BY
           =====                   =======         ======
           SysCtlClockGet          000005E5        __delayNuS (zlg7289)
                                                   __irSendFreq (Mouse_Drive)
                                                   __sysTickInit (Mouse_Drive)
               stack 1 = 00000000 ( 0000000C )
    -------------------------------------------------------------------------
CODE
  Relative segment, address: 0000073C - 0000073F (0x4 bytes), align: 2
  Segment part 48.            Intra module refs:   SysCtlClockGet
                                                   SysCtlClockSet
    -------------------------------------------------------------------------
CODE
  Relative segment, address: 00000740 - 00000743 (0x4 bytes), align: 2
  Segment part 49.            Intra module refs:   SysCtlClockGet
                                                   SysCtlClockSet
    -------------------------------------------------------------------------
CODE
  Relative segment, address: 00000744 - 00000755 (0x12 bytes), align: 2
  Segment part 50.
           ENTRY                   ADDRESS         REF BY
           =====                   =======         ======
           SysCtlPWMClockSet       00000745        __MotorIint (Mouse_Drive)
                                                   __sensorInit (Mouse_Drive)
    -------------------------------------------------------------------------
CODE
  Relative segment, address: 00000758 - 0000075B (0x4 bytes), align: 2
  Segment part 58.            Intra module refs:   SysCtlClockGet
                                                   SysCtlPWMClockSet

    -------------------------------------------------------------------------
  LIBRARY MODULE, NAME : __lib_systick

  SEGMENTS IN THE MODULE
  ======================
CODE
  Relative segment, address: 0000075C - 00000769 (0xe bytes), align: 2
  Segment part 2.
           ENTRY                   ADDRESS         REF BY
           =====                   =======         ======
           SysTickEnable           0000075D        __sysTickInit (Mouse_Drive)
    -------------------------------------------------------------------------
CODE
  Relative segment, address: 0000076C - 00000779 (0xe bytes), align: 2
  Segment part 6.
           ENTRY                   ADDRESS         REF BY
           =====                   =======         ======
           SysTickIntEnable        0000076D        __sysTickInit (Mouse_Drive)
    -------------------------------------------------------------------------
CODE
  Relative segment, address: 0000077C - 0000077F (0x4 bytes), align: 2
  Segment part 8.             Intra module refs:   SysTickEnable
                                                   SysTickIntEnable
    -------------------------------------------------------------------------
CODE
  Relative segment, address: 00000780 - 00000787 (0x8 bytes), align: 2
  Segment part 9.
           ENTRY                   ADDRESS         REF BY
           =====                   =======         ======
           SysTickPeriodSet        00000781        __sysTickInit (Mouse_Drive)
    -------------------------------------------------------------------------
CODE
  Relative segment, address: 00000788 - 0000078B (0x4 bytes), align: 2
  Segment part 11.            Intra module refs:   SysTickPeriodSet

    -------------------------------------------------------------------------
  LIBRARY MODULE, NAME : __lib_timer

  SEGMENTS IN THE MODULE
  ======================
CODE
  Relative segment, address: 0000078C - 00000797 (0xc bytes), align: 2
  Segment part 2.
           ENTRY                   ADDRESS         REF BY
           =====                   =======         ======
           TimerEnable             0000078D        Timer0A_ISR (Mouse_Drive)
                                                   Timer0B_ISR (Mouse_Drive)
                                                   __MotorIint (Mouse_Drive)
                                                   __irSendFreq (Mouse_Drive)
    -------------------------------------------------------------------------
CODE
  Relative segment, address: 00000798 - 000007A3 (0xc bytes), align: 2
  Segment part 3.
           ENTRY                   ADDRESS         REF BY
           =====                   =======         ======
           TimerDisable            00000799        __irCheck (Mouse_Drive)
                                                   __sensorInit (Mouse_Drive)
    -------------------------------------------------------------------------
CODE
  Relative segment, address: 000007A4 - 000007A7 (0x4 bytes), align: 2
  Segment part 4.             Intra module refs:   TimerDisable
                                                   TimerEnable
    -------------------------------------------------------------------------
CODE
  Relative segment, address: 000007A8 - 000007CB (0x24 bytes), align: 2
  Segment part 5.
           ENTRY                   ADDRESS         REF BY
           =====                   =======         ======
           TimerConfigure          000007A9        __MotorIint (Mouse_Drive)
                                                   __sensorInit (Mouse_Drive)
    -------------------------------------------------------------------------
CODE
  Relative segment, address: 000007CC - 000007EB (0x20 bytes), align: 2
  Segment part 6.
           ENTRY                   ADDRESS         REF BY
           =====                   =======         ======
           TimerControlLevel       000007CD        __sensorInit (Mouse_Drive)
    -------------------------------------------------------------------------
CODE
  Relative segment, address: 000007EC - 00000807 (0x1c bytes), align: 2
  Segment part 8.
           ENTRY                   ADDRESS         REF BY
           =====                   =======         ======
           TimerControlEvent       000007ED        __MotorIint (Mouse_Drive)
    -------------------------------------------------------------------------
CODE
  Relative segment, address: 00000808 - 00000819 (0x12 bytes), align: 2
  Segment part 16.
           ENTRY                   ADDRESS         REF BY
           =====                   =======         ======
           TimerLoadSet            00000809        __MotorIint (Mouse_Drive)
                                                   __irSendFreq (Mouse_Drive)
    -------------------------------------------------------------------------
CODE
  Relative segment, address: 0000081C - 00000827 (0xc bytes), align: 2
  Segment part 18.
           ENTRY                   ADDRESS         REF BY
           =====                   =======         ======
           TimerValueGet           0000081D        __Encoder (Mouse_Drive)
    -------------------------------------------------------------------------
CODE
  Relative segment, address: 00000828 - 00000839 (0x12 bytes), align: 2
  Segment part 19.
           ENTRY                   ADDRESS         REF BY
           =====                   =======         ======
           TimerMatchSet           00000829        __MotorIint (Mouse_Drive)
                                                   __irSendFreq (Mouse_Drive)
    -------------------------------------------------------------------------
CODE
  Relative segment, address: 0000083C - 00000843 (0x8 bytes), align: 2
  Segment part 26.
           ENTRY                   ADDRESS         REF BY
           =====                   =======         ======
           TimerIntEnable          0000083D        __MotorIint (Mouse_Drive)
    -------------------------------------------------------------------------
CODE
  Relative segment, address: 00000844 - 00000847 (0x4 bytes), align: 2
  Segment part 29.
           ENTRY                   ADDRESS         REF BY
           =====                   =======         ======
           TimerIntClear           00000845        Timer0A_ISR (Mouse_Drive)
                                                   Timer0B_ISR (Mouse_Drive)
                                                   Timer2A_ISR (Mouse_Drive)

    *************************************************************************

  FILE NAME : K:\≈‡—µ\µÁƒ‘ Û\æ´¡È\£®æ´¡È£©\Debug\Obj\Mouse_Drive.r79
  PROGRAM MODULE, NAME : Mouse_Drive

  SEGMENTS IN THE MODULE
  ======================
DATA_Z
  Relative segment, address: 200009EE - 200009EF (0x2 bytes), align: 0
  Segment part 2.             Intra module refs:   Segment part 135
                                                   Segment part 136
                                                   Segment part 157
                                                   Segment part 158
                                                   Segment part 273
                                                   Segment part 279
                                                   Segment part 281
                                                   Segment part 291
                                                   Segment part 292
           ENTRY                   ADDRESS         REF BY
           =====                   =======         ======
           GmcMouse                200009EE        Segment part 34 (maze)
                                                   Segment part 35 (maze)
                                                   Segment part 43 (maze)
                                                   Segment part 44 (maze)
                                                   Segment part 48 (maze)
                                                   Segment part 49 (maze)
                                                   main (maze)
    -------------------------------------------------------------------------
DATA_Z
  Relative segment, address: 200009F0 - 200009F0 (0x1 bytes), align: 0
  Segment part 3.             Intra module refs:   Segment part 226
                                                   Segment part 245
                                                   Segment part 272
                                                   Segment part 278
                                                   Segment part 290
           ENTRY                   ADDRESS         REF BY
           =====                   =======         ======
           GucMouseDir             200009F0        Segment part 37 (maze)
                                                   Segment part 46 (maze)
                                                   Segment part 50 (maze)
    -------------------------------------------------------------------------
DATA_Z
  Relative segment, address: 20000214 - 20000313 (0x100 bytes), align: 2
  Segment part 4.             Intra module refs:   Segment part 282
                                                   Segment part 296
           ENTRY                   ADDRESS         REF BY
           =====                   =======         ======
           GucMapBlock             20000214        Segment part 20 (maze)
                                                   Segment part 25 (maze)
                                                   Segment part 33 (maze)
                                                   Segment part 45 (maze)
                                                   Segment part 52 (maze)
                                                   main (maze)
    -------------------------------------------------------------------------
DATA_Z
  Relative segment, address: 20000314 - 20000413 (0x100 bytes), align: 2
  Segment part 5.             Intra module refs:   Segment part 280
                                                   Segment part 297
           ENTRY                   ADDRESS         REF BY
           =====                   =======         ======
           GucMapBlock0            20000314        Segment part 38 (maze)
                                                   Segment part 53 (maze)
                                                   main (maze)
    -------------------------------------------------------------------------
DATA_I
  Relative segment, address: 20000000 - 200000FF (0x100 bytes), align: 2
  Segment part 6.             Intra module refs:   __wallCheck
           ENTRY                   ADDRESS         REF BY
           =====                   =======         ======
           GucMapBlock1            20000000        main (maze)
    -------------------------------------------------------------------------
DATA_Z
  Relative segment, address: 200009F1 - 200009F1 (0x1 bytes), align: 0
  Segment part 8.             Intra module refs:   __irCheck
           ENTRY                   ADDRESS         REF BY
           =====                   =======         ======
           GucMouseStart           200009F1        main (maze)
    -------------------------------------------------------------------------
DATA_Z
  Relative segment, address: 200009F2 - 200009F2 (0x1 bytes), align: 0
  Segment part 9.             Intra module refs:   Segment part 209
                                                   Segment part 243
           ENTRY                   ADDRESS         REF BY
           =====                   =======         ======
           GucFrontJinju           200009F2 
    -------------------------------------------------------------------------
DATA_Z
  Relative segment, address: 200009F3 - 200009F3 (0x1 bytes), align: 0
  Segment part 10.
           ENTRY                   ADDRESS         REF BY
           =====                   =======         ======
           GucCrossroad            200009F3        objectGoTo (maze)
    -------------------------------------------------------------------------
DATA_Z
  Relative segment, address: 20000414 - 20000417 (0x4 bytes), align: 2
  Segment part 11.            Intra module refs:   Segment part 227
                                                   Segment part 246
                                                   Segment part 257
                                                   Segment part 315
           LOCAL                   ADDRESS         
           =====                   =======         
           GW                      20000414 
    -------------------------------------------------------------------------
DATA_Z
  Relative segment, address: 20000418 - 20000427 (0x10 bytes), align: 2
  Segment part 12.            Intra module refs:   Segment part 101
                                                   Segment part 102
                                                   Segment part 116
                                                   Segment part 117
                                                   Segment part 127
                                                   Segment part 128
                                                   Segment part 141
                                                   Segment part 152
                                                   Segment part 153
                                                   Segment part 163
                                                   Segment part 173
                                                   Segment part 174
                                                   Segment part 180
                                                   Segment part 188
                                                   Segment part 189
                                                   Segment part 218
                                                   Segment part 221
                                                   Segment part 225
                                                   Segment part 237
                                                   Segment part 240
                                                   Segment part 248
                                                   Segment part 250
                                                   Segment part 252
                                                   Segment part 261
                                                   Segment part 266
                                                   Segment part 268
                                                   Segment part 270
                                                   Segment part 64
                                                   __Encoder
           LOCAL                   ADDRESS         
           =====                   =======         
           __GmLeft                20000418 
    -------------------------------------------------------------------------
DATA_Z
  Relative segment, address: 20000428 - 20000437 (0x10 bytes), align: 2
  Segment part 13.            Intra module refs:   Segment part 114
                                                   Segment part 115
                                                   Segment part 125
                                                   Segment part 126
                                                   Segment part 139
                                                   Segment part 149
                                                   Segment part 150
                                                   Segment part 162
                                                   Segment part 169
                                                   Segment part 170
                                                   Segment part 179
                                                   Segment part 185
                                                   Segment part 186
                                                   Segment part 217
                                                   Segment part 220
                                                   Segment part 224
                                                   Segment part 236
                                                   Segment part 239
                                                   Segment part 244
                                                   Segment part 247
                                                   Segment part 251
                                                   Segment part 260
                                                   Segment part 265
                                                   Segment part 267
                                                   Segment part 269
                                                   Segment part 68
                                                   Segment part 98
                                                   Segment part 99
                                                   __Encoder
           LOCAL                   ADDRESS         
           =====                   =======         
           __GmRight               20000428 
    -------------------------------------------------------------------------
DATA_Z
  Relative segment, address: 20000438 - 20000457 (0x20 bytes), align: 2
  Segment part 14.            Intra module refs:   Segment part 62
                                                   Segment part 63
                                                   Segment part 70
                                                   Segment part 75
           LOCAL                   ADDRESS         
           =====                   =======         
           __GmLPID                20000438 
    -------------------------------------------------------------------------
DATA_Z
  Relative segment, address: 20000458 - 20000477 (0x20 bytes), align: 2
  Segment part 15.            Intra module refs:   Segment part 66
                                                   Segment part 67
                                                   Segment part 72
                                                   Segment part 74
           LOCAL                   ADDRESS         
           =====                   =======         
           __GmRPID                20000458 
    -------------------------------------------------------------------------
DATA_Z
  Relative segment, address: 20000478 - 20000497 (0x20 bytes), align: 2
  Segment part 16.            Intra module refs:   Segment part 107
                                                   Segment part 108
                                                   Segment part 145
                                                   Segment part 146
                                                   Segment part 166
                                                   Segment part 168
                                                   Segment part 213
                                                   Segment part 232
                                                   Segment part 254
                                                   Segment part 77
                                                   Segment part 78
                                                   Segment part 79
                                                   Segment part 80
                                                   Segment part 81
                                                   Segment part 82
                                                   Segment part 83
                                                   Segment part 84
                                                   Segment part 95
           LOCAL                   ADDRESS         
           =====                   =======         
           __GmSPID                20000478 
    -------------------------------------------------------------------------
DATA_Z
  Relative segment, address: 20000498 - 200004B7 (0x20 bytes), align: 2
  Segment part 17.            Intra module refs:   Segment part 215
                                                   Segment part 234
                                                   Segment part 258
                                                   Segment part 54
                                                   Segment part 55
                                                   Segment part 56
                                                   Segment part 57
                                                   Segment part 58
                                                   Segment part 59
                                                   Segment part 60
                                                   Segment part 73
                                                   Segment part 86
                                                   Segment part 88
                                                   Segment part 89
                                                   Segment part 90
                                                   Segment part 91
                                                   Segment part 92
                                                   Segment part 93
                                                   Segment part 96
           LOCAL                   ADDRESS         
           =====                   =======         
           __GmWPID                20000498 
    -------------------------------------------------------------------------
DATA_Z
  Relative segment, address: 200009F4 - 200009F4 (0x1 bytes), align: 0
  Segment part 18.            Intra module refs:   Segment part 118
                                                   Segment part 138
                                                   Segment part 160
                                                   Segment part 177
                                                   Segment part 228
                                                   Segment part 249
                                                   Segment part 262
           LOCAL                   ADDRESS         
           =====                   =======         
           __GucMouseState         200009F4 
    -------------------------------------------------------------------------
DATA_I
  Relative segment, address: 20000100 - 20000103 (0x4 bytes), align: 2
  Segment part 19.            Intra module refs:   Segment part 105
                                                   Segment part 140
                                                   Segment part 161
                                                   Segment part 178
           LOCAL                   ADDRESS         
           =====                   =======         
           __GiMaxSpeed            20000100 
    -------------------------------------------------------------------------
DATA_Z
  Relative segment, address: 200004B8 - 200004BF (0x8 bytes), align: 2
  Segment part 21.            Intra module refs:   Segment part 119
                                                   Segment part 120
                                                   Segment part 121
                                                   Segment part 122
                                                   Segment part 148
                                                   Segment part 151
                                                   Segment part 172
                                                   Segment part 176
                                                   Segment part 181
                                                   Segment part 191
                                                   Segment part 199
                                                   Segment part 200
                                                   Segment part 203
                                                   Segment part 204
                                                   Segment part 208
                                                   Segment part 255
                                                   Segment part 256
                                                   Segment part 275
                                                   Segment part 276
                                                   Segment part 277
                                                   Segment part 284
                                                   Segment part 285
                                                   Segment part 286
                                                   Segment part 287
                                                   Segment part 288
           LOCAL                   ADDRESS         
           =====                   =======         
           __GucDistance           200004B8 
    -------------------------------------------------------------------------
DATA_I
  Relative segment, address: 20000204 - 20000205 (0x2 bytes), align: 1
  Segment part 22.            Intra module refs:   GPIO_Port_A_ISR
                                                   Segment part 201
           ENTRY                   ADDRESS         REF BY
           =====                   =======         ======
           GusFreq_F               20000204        __ir_Get (maze)
    -------------------------------------------------------------------------
DATA_I
  Relative segment, address: 20000206 - 20000207 (0x2 bytes), align: 1
  Segment part 24.            Intra module refs:   GPIO_Port_A_ISR
                                                   Segment part 205
           ENTRY                   ADDRESS         REF BY
           =====                   =======         ======
           GusFreq_FJ              20000206        __ir_Get (maze)
    -------------------------------------------------------------------------
DATA_I
  Relative segment, address: 20000208 - 20000209 (0x2 bytes), align: 1
  Segment part 26.            Intra module refs:   GPIO_Port_A_ISR
                                                   Segment part 195
           ENTRY                   ADDRESS         REF BY
           =====                   =======         ======
           GusFreq_X               20000208        __ir_Get (maze)
    -------------------------------------------------------------------------
DATA_I
  Relative segment, address: 2000020A - 2000020B (0x2 bytes), align: 1
  Segment part 28.            Intra module refs:   GPIO_Port_A_ISR
                                                   Segment part 202
           ENTRY                   ADDRESS         REF BY
           =====                   =======         ======
           GusFreq_LF              2000020A        __ir_Get (maze)
    -------------------------------------------------------------------------
DATA_I
  Relative segment, address: 2000020C - 2000020D (0x2 bytes), align: 1
  Segment part 30.            Intra module refs:   GPIO_Port_A_ISR
                                                   Segment part 196
           ENTRY                   ADDRESS         REF BY
           =====                   =======         ======
           GusFreq_L               2000020C        __ir_Get (maze)
    -------------------------------------------------------------------------
DATA_Z
  Relative segment, address: 200009E8 - 200009E9 (0x2 bytes), align: 1
  Segment part 32.            Intra module refs:   Segment part 124
                                                   Segment part 87
           LOCAL                   ADDRESS         
           =====                   =======         
           GsTpusle_T              200009E8 
    -------------------------------------------------------------------------
DATA_Z
  Relative segment, address: 200009F5 - 200009F5 (0x1 bytes), align: 0
  Segment part 33.            Intra module refs:   Segment part 123
                                                   Segment part 142
                                                   Segment part 167
                                                   Segment part 184
                                                   Segment part 219
                                                   Segment part 238
                                                   Segment part 264
           LOCAL                   ADDRESS         
           =====                   =======         
           GuiSpeedCtr             200009F5 
    -------------------------------------------------------------------------
DATA_Z
  Relative segment, address: 200009EA - 200009EB (0x2 bytes), align: 1
  Segment part 34.            Intra module refs:   Segment part 147
                                                   Segment part 171
                                                   Segment part 187
           LOCAL                   ADDRESS         
           =====                   =======         
           GuiTpusle_LR            200009EA 
    -------------------------------------------------------------------------
DATA_Z
  Relative segment, address: 200009EC - 200009ED (0x2 bytes), align: 1
  Segment part 35.            Intra module refs:   Segment part 137
                                                   Segment part 159
                                                   Segment part 229
           LOCAL                   ADDRESS         
           =====                   =======         
           GuiTpusle_S             200009EC 
    -------------------------------------------------------------------------
DATA_Z
  Relative segment, address: 200009F6 - 200009F6 (0x1 bytes), align: 0
  Segment part 36.            Intra module refs:   Segment part 190
                                                   Segment part 242
           LOCAL                   ADDRESS         
           =====                   =======         
           GucFrontNear            200009F6 
    -------------------------------------------------------------------------
DATA_Z
  Relative segment, address: 200009F7 - 200009F7 (0x1 bytes), align: 0
  Segment part 37.            Intra module refs:   Segment part 133
                                                   Segment part 155
           ENTRY                   ADDRESS         REF BY
           =====                   =======         ======
           GucFangXiang            200009F7 
    -------------------------------------------------------------------------
DATA_Z
  Relative segment, address: 200009F8 - 200009F8 (0x1 bytes), align: 0
  Segment part 38.            Intra module refs:   Segment part 134
                                                   Segment part 156
           ENTRY                   ADDRESS         REF BY
           =====                   =======         ======
           GucDirTemp              200009F8        objectGoTo (maze)
    -------------------------------------------------------------------------
DATA_Z
  Relative segment, address: 200004C0 - 200004E7 (0x28 bytes), align: 2
  Segment part 39.            Intra module refs:   GPIO_Port_A_ISR
           ENTRY                   ADDRESS         REF BY
           =====                   =======         ======
           DIS                     200004C0 
    -------------------------------------------------------------------------
DATA_Z
  Relative segment, address: 200009F9 - 200009F9 (0x1 bytes), align: 0
  Segment part 40.            Intra module refs:   GPIO_Port_A_ISR
           ENTRY                   ADDRESS         REF BY
           =====                   =======         ======
           Tab                     200009F9 
    -------------------------------------------------------------------------
CODE
  Relative segment, address: 00000848 - 00000851 (0xa bytes), align: 2
  Segment part 51.            Intra module refs:   GPIO_Port_A_ISR
                                                   mouseTurnback
                                                   mouseTurnback_Y
                                                   startCheck
           LOCAL                   ADDRESS         
           =====                   =======         
           __delay                 00000849 
    -------------------------------------------------------------------------
CODE
  Relative segment, address: 00000854 - 000008EF (0x9c bytes), align: 2
  Segment part 52.            Intra module refs:   mouseInit
           ENTRY                   ADDRESS         REF BY
           =====                   =======         ======
           PIDInit                 00000855 
    -------------------------------------------------------------------------
CODE
  Relative segment, address: 000008F0 - 000008F3 (0x4 bytes), align: 2
  Segment part 53.            Intra module refs:   PIDInit
    -------------------------------------------------------------------------
CODE
  Relative segment, address: 000008F4 - 000008F7 (0x4 bytes), align: 2
  Segment part 54.            Intra module refs:   PIDInit
    -------------------------------------------------------------------------
CODE
  Relative segment, address: 000008F8 - 000008FB (0x4 bytes), align: 2
  Segment part 55.            Intra module refs:   PIDInit
    -------------------------------------------------------------------------
CODE
  Relative segment, address: 000008FC - 000008FF (0x4 bytes), align: 2
  Segment part 56.            Intra module refs:   PIDInit
    -------------------------------------------------------------------------
CODE
  Relative segment, address: 00000900 - 00000903 (0x4 bytes), align: 2
  Segment part 57.            Intra module refs:   PIDInit
    -------------------------------------------------------------------------
CODE
  Relative segment, address: 00000904 - 00000907 (0x4 bytes), align: 2
  Segment part 58.            Intra module refs:   PIDInit
    -------------------------------------------------------------------------
CODE
  Relative segment, address: 00000908 - 0000090B (0x4 bytes), align: 2
  Segment part 59.            Intra module refs:   PIDInit
    -------------------------------------------------------------------------
CODE
  Relative segment, address: 0000090C - 0000090F (0x4 bytes), align: 2
  Segment part 60.            Intra module refs:   PIDInit
    -------------------------------------------------------------------------
CODE
  Relative segment, address: 00000910 - 00000A57 (0x148 bytes), align: 2
  Segment part 61.            Intra module refs:   Timer2A_ISR
           ENTRY                   ADDRESS         REF BY
           =====                   =======         ======
           __Encoder               00000911 
               stack 1 = 00000000 ( 00000004 )
    -------------------------------------------------------------------------
CODE
  Relative segment, address: 00000A58 - 00000A5B (0x4 bytes), align: 2
  Segment part 62.            Intra module refs:   PIDInit
                                                   __Encoder
    -------------------------------------------------------------------------
CODE
  Relative segment, address: 00000A5C - 00000A5F (0x4 bytes), align: 2
  Segment part 63.            Intra module refs:   PIDInit
                                                   __Encoder
    -------------------------------------------------------------------------
CODE
  Relative segment, address: 00000A60 - 00000A63 (0x4 bytes), align: 2
  Segment part 64.            Intra module refs:   __Encoder
    -------------------------------------------------------------------------
CODE
  Relative segment, address: 00000A64 - 00000A67 (0x4 bytes), align: 2
  Segment part 65.            Intra module refs:   __Encoder
    -------------------------------------------------------------------------
CODE
  Relative segment, address: 00000A68 - 00000A6B (0x4 bytes), align: 2
  Segment part 66.            Intra module refs:   PIDInit
                                                   __Encoder
    -------------------------------------------------------------------------
CODE
  Relative segment, address: 00000A6C - 00000A6F (0x4 bytes), align: 2
  Segment part 67.            Intra module refs:   PIDInit
                                                   __Encoder
    -------------------------------------------------------------------------
CODE
  Relative segment, address: 00000A70 - 00000A73 (0x4 bytes), align: 2
  Segment part 68.            Intra module refs:   __Encoder
    -------------------------------------------------------------------------
CODE
  Relative segment, address: 00000A74 - 00000A77 (0x4 bytes), align: 2
  Segment part 69.            Intra module refs:   __Encoder
    -------------------------------------------------------------------------
CODE
  Relative segment, address: 00000A78 - 00000A7B (0x4 bytes), align: 2
  Segment part 70.            Intra module refs:   PIDInit
                                                   __Encoder
    -------------------------------------------------------------------------
CODE
  Relative segment, address: 00000A7C - 00000A7F (0x4 bytes), align: 2
  Segment part 71.            Intra module refs:   __Encoder
    -------------------------------------------------------------------------
CODE
  Relative segment, address: 00000A80 - 00000A83 (0x4 bytes), align: 2
  Segment part 72.            Intra module refs:   PIDInit
                                                   __Encoder
    -------------------------------------------------------------------------
CODE
  Relative segment, address: 00000A84 - 00000A87 (0x4 bytes), align: 2
  Segment part 73.            Intra module refs:   PIDInit
                                                   __Encoder
    -------------------------------------------------------------------------
CODE
  Relative segment, address: 00000A88 - 00000A8B (0x4 bytes), align: 2
  Segment part 74.            Intra module refs:   PIDInit
                                                   __Encoder
    -------------------------------------------------------------------------
CODE
  Relative segment, address: 00000A8C - 00000A8F (0x4 bytes), align: 2
  Segment part 75.            Intra module refs:   PIDInit
                                                   __Encoder
    -------------------------------------------------------------------------
CODE
  Relative segment, address: 00000A90 - 00000B77 (0xe8 bytes), align: 2
  Segment part 76.            Intra module refs:   __PIDContr
           ENTRY                   ADDRESS         REF BY
           =====                   =======         ======
           __SPIDContr             00000A91 
               stack 1 = 00000000 ( 0000001C )
    -------------------------------------------------------------------------
CODE
  Relative segment, address: 00000B78 - 00000B7B (0x4 bytes), align: 2
  Segment part 77.            Intra module refs:   PIDInit
                                                   __SPIDContr
    -------------------------------------------------------------------------
CODE
  Relative segment, address: 00000B7C - 00000B7F (0x4 bytes), align: 2
  Segment part 78.            Intra module refs:   PIDInit
                                                   __Encoder
                                                   __SPIDContr
    -------------------------------------------------------------------------
CODE
  Relative segment, address: 00000B80 - 00000B83 (0x4 bytes), align: 2
  Segment part 79.            Intra module refs:   PIDInit
                                                   __SPIDContr
    -------------------------------------------------------------------------
CODE
  Relative segment, address: 00000B84 - 00000B87 (0x4 bytes), align: 2
  Segment part 80.            Intra module refs:   PIDInit
                                                   __SPIDContr
    -------------------------------------------------------------------------
CODE
  Relative segment, address: 00000B88 - 00000B8B (0x4 bytes), align: 2
  Segment part 81.            Intra module refs:   PIDInit
                                                   __SPIDContr
    -------------------------------------------------------------------------
CODE
  Relative segment, address: 00000B8C - 00000B8F (0x4 bytes), align: 2
  Segment part 82.            Intra module refs:   PIDInit
                                                   __SPIDContr
    -------------------------------------------------------------------------
CODE
  Relative segment, address: 00000B90 - 00000B93 (0x4 bytes), align: 2
  Segment part 83.            Intra module refs:   PIDInit
                                                   __SPIDContr
    -------------------------------------------------------------------------
CODE
  Relative segment, address: 00000B94 - 00000B97 (0x4 bytes), align: 2
  Segment part 84.            Intra module refs:   PIDInit
                                                   __SPIDContr
    -------------------------------------------------------------------------
DATA_I
  Relative segment, address: 2000020E - 2000020E (0x1 bytes), align: 0
  Segment part 41.            Intra module refs:   __SPIDContr
           LOCAL                   ADDRESS         
           =====                   =======         
           __SPIDContr::K_I        2000020E 
    -------------------------------------------------------------------------
CODE
  Relative segment, address: 00000B98 - 00000C87 (0xf0 bytes), align: 2
  Segment part 85.            Intra module refs:   __PIDContr
           ENTRY                   ADDRESS         REF BY
           =====                   =======         ======
           __WPIDContr             00000B99 
               stack 1 = 00000000 ( 0000001C )
    -------------------------------------------------------------------------
CODE
  Relative segment, address: 00000C88 - 00000C8B (0x4 bytes), align: 2
  Segment part 86.            Intra module refs:   __WPIDContr
    -------------------------------------------------------------------------
CODE
  Relative segment, address: 00000C8C - 00000C8F (0x4 bytes), align: 2
  Segment part 87.            Intra module refs:   __WPIDContr
    -------------------------------------------------------------------------
CODE
  Relative segment, address: 00000C90 - 00000C93 (0x4 bytes), align: 2
  Segment part 88.            Intra module refs:   __WPIDContr
    -------------------------------------------------------------------------
CODE
  Relative segment, address: 00000C94 - 00000C97 (0x4 bytes), align: 2
  Segment part 89.            Intra module refs:   __WPIDContr
    -------------------------------------------------------------------------
CODE
  Relative segment, address: 00000C98 - 00000C9B (0x4 bytes), align: 2
  Segment part 90.            Intra module refs:   __WPIDContr
    -------------------------------------------------------------------------
CODE
  Relative segment, address: 00000C9C - 00000C9F (0x4 bytes), align: 2
  Segment part 91.            Intra module refs:   __WPIDContr
    -------------------------------------------------------------------------
CODE
  Relative segment, address: 00000CA0 - 00000CA3 (0x4 bytes), align: 2
  Segment part 92.            Intra module refs:   __WPIDContr
    -------------------------------------------------------------------------
CODE
  Relative segment, address: 00000CA4 - 00000CA7 (0x4 bytes), align: 2
  Segment part 93.            Intra module refs:   __WPIDContr
    -------------------------------------------------------------------------
DATA_I
  Relative segment, address: 2000020F - 2000020F (0x1 bytes), align: 0
  Segment part 43.            Intra module refs:   __WPIDContr
           LOCAL                   ADDRESS         
           =====                   =======         
           __WPIDContr::K_I        2000020F 
    -------------------------------------------------------------------------
CODE
  Relative segment, address: 00000CA8 - 00000DC7 (0x120 bytes), align: 2
  Segment part 94.            Intra module refs:   Timer2A_ISR
           ENTRY                   ADDRESS         REF BY
           =====                   =======         ======
           __PIDContr              00000CA9 
               stack 1 = 00000000 ( 00000004 )
    -------------------------------------------------------------------------
CODE
  Relative segment, address: 00000DC8 - 00000DCB (0x4 bytes), align: 2
  Segment part 95.            Intra module refs:   __PIDContr
    -------------------------------------------------------------------------
CODE
  Relative segment, address: 00000DCC - 00000DCF (0x4 bytes), align: 2
  Segment part 96.            Intra module refs:   __PIDContr
                                                   __WPIDContr
    -------------------------------------------------------------------------
CODE
  Relative segment, address: 00000DD0 - 00000E37 (0x68 bytes), align: 2
  Segment part 97.            Intra module refs:   Timer2A_ISR
                                                   __PIDContr
                                                   mouseTurnback
                                                   mouseTurnback_Y
           LOCAL                   ADDRESS         
           =====                   =======         
           __rightMotorContr       00000DD1 
               stack 1 = 00000000 ( 00000004 )
    -------------------------------------------------------------------------
CODE
  Relative segment, address: 00000E38 - 00000E3B (0x4 bytes), align: 2
  Segment part 98.            Intra module refs:   __PIDContr
                                                   __rightMotorContr
    -------------------------------------------------------------------------
CODE
  Relative segment, address: 00000E3C - 00000E3F (0x4 bytes), align: 2
  Segment part 99.            Intra module refs:   __PIDContr
                                                   __rightMotorContr
    -------------------------------------------------------------------------
CODE
  Relative segment, address: 00000E40 - 00000EA7 (0x68 bytes), align: 2
  Segment part 100.           Intra module refs:   Timer2A_ISR
                                                   __PIDContr
                                                   mouseTurnback
                                                   mouseTurnback_Y
           LOCAL                   ADDRESS         
           =====                   =======         
           __leftMotorContr        00000E41 
               stack 1 = 00000000 ( 00000004 )
    -------------------------------------------------------------------------
CODE
  Relative segment, address: 00000EA8 - 00000EAB (0x4 bytes), align: 2
  Segment part 101.           Intra module refs:   __PIDContr
                                                   __leftMotorContr
    -------------------------------------------------------------------------
CODE
  Relative segment, address: 00000EAC - 00000EAF (0x4 bytes), align: 2
  Segment part 102.           Intra module refs:   __PIDContr
                                                   __leftMotorContr
    -------------------------------------------------------------------------
CODE
  Relative segment, address: 00000EB0 - 00000EB3 (0x4 bytes), align: 2
  Segment part 103.           Intra module refs:   __leftMotorContr
                                                   __rightMotorContr
    -------------------------------------------------------------------------
CODE
  Relative segment, address: 00000EB4 - 00000EE1 (0x2e bytes), align: 2
  Segment part 104.           Intra module refs:   Timer2A_ISR
           ENTRY                   ADDRESS         REF BY
           =====                   =======         ======
           __SpeedUp               00000EB5 
    -------------------------------------------------------------------------
CODE
  Relative segment, address: 00000EE4 - 00000EE7 (0x4 bytes), align: 2
  Segment part 105.           Intra module refs:   __SpeedUp
    -------------------------------------------------------------------------
CODE
  Relative segment, address: 00000EE8 - 00000F13 (0x2c bytes), align: 2
  Segment part 106.           Intra module refs:   Timer2A_ISR
           ENTRY                   ADDRESS         REF BY
           =====                   =======         ======
           __SpeedDown             00000EE9 
    -------------------------------------------------------------------------
CODE
  Relative segment, address: 00000F14 - 00000F17 (0x4 bytes), align: 2
  Segment part 107.           Intra module refs:   __SpeedDown
                                                   __SpeedUp
    -------------------------------------------------------------------------
CODE
  Relative segment, address: 00000F18 - 00000F1B (0x4 bytes), align: 2
  Segment part 108.           Intra module refs:   __SpeedDown
                                                   __SpeedUp
    -------------------------------------------------------------------------
CODE
  Relative segment, address: 00000F1C - 00000F2F (0x14 bytes), align: 2
  Segment part 109.
           ENTRY                   ADDRESS         REF BY
           =====                   =======         ======
           Timer0A_ISR             00000F1D        g_pfnVectors (startup)
               stack 1 = 00000000 ( 00000004 )
    -------------------------------------------------------------------------
CODE
  Relative segment, address: 00000F30 - 00000F47 (0x18 bytes), align: 2
  Segment part 110.
           ENTRY                   ADDRESS         REF BY
           =====                   =======         ======
           Timer0B_ISR             00000F31        g_pfnVectors (startup)
               stack 1 = 00000000 ( 00000004 )
    -------------------------------------------------------------------------
CODE
  Relative segment, address: 00000F48 - 00000F4B (0x4 bytes), align: 2
  Segment part 111.           Intra module refs:   Timer0A_ISR
                                                   Timer0B_ISR
    -------------------------------------------------------------------------
CODE
  Relative segment, address: 00000F4C - 00001147 (0x1fc bytes), align: 2
  Segment part 112.
           ENTRY                   ADDRESS         REF BY
           =====                   =======         ======
           Timer2A_ISR             00000F4D        g_pfnVectors (startup)
               stack 1 = 00000000 ( 00000004 )
    -------------------------------------------------------------------------
CODE
  Relative segment, address: 00001148 - 0000114B (0x4 bytes), align: 2
  Segment part 113.           Intra module refs:   Timer2A_ISR
    -------------------------------------------------------------------------
CODE
  Relative segment, address: 0000114C - 0000114F (0x4 bytes), align: 2
  Segment part 114.           Intra module refs:   Timer2A_ISR
    -------------------------------------------------------------------------
CODE
  Relative segment, address: 00001150 - 00001153 (0x4 bytes), align: 2
  Segment part 115.           Intra module refs:   Timer2A_ISR
    -------------------------------------------------------------------------
CODE
  Relative segment, address: 00001154 - 00001157 (0x4 bytes), align: 2
  Segment part 116.           Intra module refs:   Timer2A_ISR
    -------------------------------------------------------------------------
CODE
  Relative segment, address: 00001158 - 0000115B (0x4 bytes), align: 2
  Segment part 117.           Intra module refs:   Timer2A_ISR
    -------------------------------------------------------------------------
CODE
  Relative segment, address: 0000115C - 0000115F (0x4 bytes), align: 2
  Segment part 118.           Intra module refs:   Timer2A_ISR
    -------------------------------------------------------------------------
CODE
  Relative segment, address: 00001160 - 00001163 (0x4 bytes), align: 2
  Segment part 119.           Intra module refs:   Timer2A_ISR
    -------------------------------------------------------------------------
CODE
  Relative segment, address: 00001164 - 00001167 (0x4 bytes), align: 2
  Segment part 120.           Intra module refs:   Timer2A_ISR
    -------------------------------------------------------------------------
CODE
  Relative segment, address: 00001168 - 0000116B (0x4 bytes), align: 2
  Segment part 121.           Intra module refs:   Timer2A_ISR
    -------------------------------------------------------------------------
CODE
  Relative segment, address: 0000116C - 0000116F (0x4 bytes), align: 2
  Segment part 122.           Intra module refs:   Timer2A_ISR
    -------------------------------------------------------------------------
CODE
  Relative segment, address: 00001170 - 00001173 (0x4 bytes), align: 2
  Segment part 123.           Intra module refs:   Timer2A_ISR
    -------------------------------------------------------------------------
CODE
  Relative segment, address: 00001174 - 00001177 (0x4 bytes), align: 2
  Segment part 124.           Intra module refs:   Timer2A_ISR
    -------------------------------------------------------------------------
CODE
  Relative segment, address: 00001178 - 0000117B (0x4 bytes), align: 2
  Segment part 125.           Intra module refs:   Timer2A_ISR
    -------------------------------------------------------------------------
CODE
  Relative segment, address: 0000117C - 0000117F (0x4 bytes), align: 2
  Segment part 126.           Intra module refs:   Timer2A_ISR
    -------------------------------------------------------------------------
CODE
  Relative segment, address: 00001180 - 00001183 (0x4 bytes), align: 2
  Segment part 127.           Intra module refs:   Timer2A_ISR
    -------------------------------------------------------------------------
CODE
  Relative segment, address: 00001184 - 00001187 (0x4 bytes), align: 2
  Segment part 128.           Intra module refs:   Timer2A_ISR
    -------------------------------------------------------------------------
DATA_Z
  Relative segment, address: 200009FA - 200009FA (0x1 bytes), align: 0
  Segment part 45.            Intra module refs:   Timer2A_ISR
           LOCAL                   ADDRESS         
           =====                   =======         
           Timer2A_ISR::n          200009FA 
    -------------------------------------------------------------------------
DATA_Z
  Relative segment, address: 200009FB - 200009FB (0x1 bytes), align: 0
  Segment part 46.            Intra module refs:   Timer2A_ISR
           LOCAL                   ADDRESS         
           =====                   =======         
           Timer2A_ISR::m          200009FB 
    -------------------------------------------------------------------------
DATA_Z
  Relative segment, address: 200009FC - 200009FC (0x1 bytes), align: 0
  Segment part 47.            Intra module refs:   Timer2A_ISR
           LOCAL                   ADDRESS         
           =====                   =======         
           Timer2A_ISR::k          200009FC 
    -------------------------------------------------------------------------
CODE
  Relative segment, address: 00001188 - 00001993 (0x80c bytes), align: 2
  Segment part 131.
           ENTRY                   ADDRESS         REF BY
           =====                   =======         ======
           GPIO_Port_A_ISR         00001189        g_pfnVectors (startup)
               stack 1 = 00000000 ( 00000010 )
    -------------------------------------------------------------------------
CODE
  Relative segment, address: 00001994 - 00001C41 (0x2ae bytes), align: 2
  Segment part 132.
           ENTRY                   ADDRESS         REF BY
           =====                   =======         ======
           mouseGoahead            00001995        objectGoTo (maze)
               stack 1 = 00000000 ( 00000010 )
    -------------------------------------------------------------------------
CODE
  Relative segment, address: 00001C44 - 00001C47 (0x4 bytes), align: 2
  Segment part 133.           Intra module refs:   mouseGoahead
    -------------------------------------------------------------------------
CODE
  Relative segment, address: 00001C48 - 00001C4B (0x4 bytes), align: 2
  Segment part 134.           Intra module refs:   mouseGoahead
    -------------------------------------------------------------------------
CODE
  Relative segment, address: 00001C4C - 00001C4F (0x4 bytes), align: 2
  Segment part 135.           Intra module refs:   mouseGoahead
    -------------------------------------------------------------------------
CODE
  Relative segment, address: 00001C50 - 00001C53 (0x4 bytes), align: 2
  Segment part 136.           Intra module refs:   mouseGoahead
    -------------------------------------------------------------------------
CODE
  Relative segment, address: 00001C54 - 00001C57 (0x4 bytes), align: 2
  Segment part 137.           Intra module refs:   mouseGoahead
    -------------------------------------------------------------------------
CODE
  Relative segment, address: 00001C58 - 00001C5B (0x4 bytes), align: 2
  Segment part 138.           Intra module refs:   mouseGoahead
    -------------------------------------------------------------------------
CODE
  Relative segment, address: 00001C5C - 00001C5F (0x4 bytes), align: 2
  Segment part 139.           Intra module refs:   mouseGoahead
    -------------------------------------------------------------------------
CODE
  Relative segment, address: 00001C60 - 00001C63 (0x4 bytes), align: 2
  Segment part 140.           Intra module refs:   mouseGoahead
    -------------------------------------------------------------------------
CODE
  Relative segment, address: 00001C64 - 00001C67 (0x4 bytes), align: 2
  Segment part 141.           Intra module refs:   mouseGoahead
    -------------------------------------------------------------------------
CODE
  Relative segment, address: 00001C68 - 00001C6B (0x4 bytes), align: 2
  Segment part 142.           Intra module refs:   mouseGoahead
    -------------------------------------------------------------------------
CODE
  Relative segment, address: 00001C6C - 00001C6F (0x4 bytes), align: 2
  Segment part 143.           Intra module refs:   mouseGoahead
    -------------------------------------------------------------------------
CODE
[...]
  Segment part 51.            Intra module refs:   main
           ENTRY                   ADDRESS         REF BY
           =====                   =======         ======
           crosswayCheck           00004561 
               stack 1 = 00000000 ( 00000004 )
    -------------------------------------------------------------------------
CODE
  Relative segment, address: 0000462C - 0000462F (0x4 bytes), align: 2
  Segment part 52.            Intra module refs:   crosswayCheck
    -------------------------------------------------------------------------
CODE
  Relative segment, address: 00004630 - 00004633 (0x4 bytes), align: 2
  Segment part 53.            Intra module refs:   crosswayCheck
    -------------------------------------------------------------------------
CODE
  Relative segment, address: 00004634 - 0000463B (0x8 bytes), align: 2
  Segment part 54.            Intra module refs:   main
           ENTRY                   ADDRESS         REF BY
           =====                   =======         ======
           crosswayChoice          00004635 
               stack 1 = 00000000 ( 00000004 )
    -------------------------------------------------------------------------
CODE
  Relative segment, address: 0000463C - 000046DB (0xa0 bytes), align: 2
  Segment part 55.            Intra module refs:   main
           ENTRY                   ADDRESS         REF BY
           =====                   =======         ======
           __ir_Get                0000463D 
               stack 1 = 00000000 ( 00000030 )
    -------------------------------------------------------------------------
CODE
  Relative segment, address: 000046DC - 000046DF (0x4 bytes), align: 2
  Segment part 56.            Intra module refs:   __ir_Get
    -------------------------------------------------------------------------
CODE
  Relative segment, address: 000046E0 - 00004ABF (0x3e0 bytes), align: 2
  Segment part 57.
           ENTRY                   ADDRESS         REF BY
           =====                   =======         ======
           main                    000046E1        ResetISR (startup)
               stack 1 = 00000000 ( 00000014 )
    -------------------------------------------------------------------------
CODE
  Relative segment, address: 00004AC0 - 00004AC3 (0x4 bytes), align: 2
  Segment part 58.            Intra module refs:   main
    -------------------------------------------------------------------------
CODE
  Relative segment, address: 00004AC4 - 00004AC7 (0x4 bytes), align: 2
  Segment part 59.            Intra module refs:   main
    -------------------------------------------------------------------------
DATA_ID
  Relative segment, address: 0000565C - 0000565C (0x1 bytes), align: 0
  Segment part 6.             Intra module refs:   GucXGoal0
    -------------------------------------------------------------------------
DATA_ID
  Relative segment, address: 0000565D - 0000565D (0x1 bytes), align: 0
  Segment part 8.             Intra module refs:   GucXGoal1
    -------------------------------------------------------------------------
DATA_ID
  Relative segment, address: 0000565E - 0000565E (0x1 bytes), align: 0
  Segment part 10.            Intra module refs:   GucYGoal0
    -------------------------------------------------------------------------
DATA_ID
  Relative segment, address: 0000565F - 0000565F (0x1 bytes), align: 0
  Segment part 12.            Intra module refs:   GucYGoal1
    -------------------------------------------------------------------------
DATA_ID
  Relative segment, address: 00005550 - 0000564F (0x100 bytes), align: 2
  Segment part 15.            Intra module refs:   GucMapStep

    *************************************************************************

  FILE NAME : K:\≈‡—µ\µÁƒ‘ Û\æ´¡È\£®æ´¡È£©\Debug\Obj\startup.r79
  PROGRAM MODULE, NAME : startup

  SEGMENTS IN THE MODULE
  ======================
DATA_Z
  Relative segment, address: 200008E8 - 200009E7 (0x100 bytes), align: 2
  Segment part 2.             Intra module refs:   g_pfnVectors
           LOCAL                   ADDRESS         
           =====                   =======         
           pulStack                200008E8 
    -------------------------------------------------------------------------
INTVEC
  Relative segment, address: 00000000 - 000000EF (0xf0 bytes), align: 2
  Segment part 3. ROOT.
           ENTRY                   ADDRESS         REF BY
           =====                   =======         ======
           g_pfnVectors            00000000 
    -------------------------------------------------------------------------
CODE
  Relative segment, address: 00004AC8 - 00004B07 (0x40 bytes), align: 2
  Segment part 4.             Intra module refs:   g_pfnVectors
           ENTRY                   ADDRESS         REF BY
           =====                   =======         ======
           ResetISR                00004AC9        Absolute parts (?ABS_ENTRY_MOD)
               stack 1 = 00000000 ( 00000004 )
    -------------------------------------------------------------------------
CODE
  Relative segment, address: 00004B08 - 00004B09 (0x2 bytes), align: 2
  Segment part 5.             Intra module refs:   g_pfnVectors
           LOCAL                   ADDRESS         
           =====                   =======         
           NmiSR                   00004B09 
    -------------------------------------------------------------------------
CODE
  Relative segment, address: 00004B0C - 00004B0D (0x2 bytes), align: 2
  Segment part 6.             Intra module refs:   g_pfnVectors
           LOCAL                   ADDRESS         
           =====                   =======         
           FaultISR                00004B0D 
    -------------------------------------------------------------------------
CODE
  Relative segment, address: 00004B10 - 00004B11 (0x2 bytes), align: 2
  Segment part 7.             Intra module refs:   g_pfnVectors
           LOCAL                   ADDRESS         
           =====                   =======         
           IntDefaultHandler       00004B11 

    *************************************************************************

  FILE NAME : K:\≈‡—µ\µÁƒ‘ Û\æ´¡È\£®æ´¡È£©\Debug\Obj\zlg7289.r79
  PROGRAM MODULE, NAME : zlg7289

  SEGMENTS IN THE MODULE
  ======================
CODE
  Relative segment, address: 00004B14 - 00004B2F (0x1c bytes), align: 2
  Segment part 3.             Intra module refs:   __zlg7289SPIRead
                                                   __zlg7289SPIWrite
                                                   zlg7289Cmd
                                                   zlg7289CmdDat
                                                   zlg7289Key
           ENTRY                   ADDRESS         REF BY
           =====                   =======         ======
           __delayNuS              00004B15 
               stack 1 = 00000000 ( 00000008 )
    -------------------------------------------------------------------------
CODE
  Relative segment, address: 00004B30 - 00004B99 (0x6a bytes), align: 2
  Segment part 4.             Intra module refs:   zlg7289Cmd
                                                   zlg7289CmdDat
                                                   zlg7289Key
           ENTRY                   ADDRESS         REF BY
           =====                   =======         ======
           __zlg7289SPIWrite       00004B31 
               stack 1 = 00000000 ( 0000000C )
    -------------------------------------------------------------------------
CODE
  Relative segment, address: 00004B9C - 00004BF7 (0x5c bytes), align: 2
  Segment part 5.             Intra module refs:   zlg7289Key
           ENTRY                   ADDRESS         REF BY
           =====                   =======         ======
           __zlg7289SPIRead        00004B9D 
               stack 1 = 00000000 ( 0000000C )
    -------------------------------------------------------------------------
CODE
  Relative segment, address: 00004BF8 - 00004C27 (0x30 bytes), align: 2
  Segment part 6.             Intra module refs:   zlg7289Init
           ENTRY                   ADDRESS         REF BY
           =====                   =======         ======
           zlg7289Cmd              00004BF9        main (maze)
               stack 1 = 00000000 ( 00000008 )
    -------------------------------------------------------------------------
CODE
  Relative segment, address: 00004C28 - 00004C69 (0x42 bytes), align: 2
  Segment part 7.             Intra module refs:   zlg7289Download
           ENTRY                   ADDRESS         REF BY
           =====                   =======         ======
           zlg7289CmdDat           00004C29 
               stack 1 = 00000000 ( 0000000C )
    -------------------------------------------------------------------------
CODE
  Relative segment, address: 00004C6C - 00004CB3 (0x48 bytes), align: 2
  Segment part 8.
           ENTRY                   ADDRESS         REF BY
           =====                   =======         ======
           zlg7289Download         00004C6D        GPIO_Port_A_ISR (Mouse_Drive)
                                                   __mazeInfDebug (Mouse_Drive)
                                                   __wallCheck (Mouse_Drive)
                                                   sensorDebug (Mouse_Drive)
               stack 1 = 00000000 ( 00000018 )
    -------------------------------------------------------------------------
CODE
  Relative segment, address: 00004CB4 - 00004CEF (0x3c bytes), align: 2
  Segment part 9.
           ENTRY                   ADDRESS         REF BY
           =====                   =======         ======
           zlg7289Key              00004CB5        GPIO_Port_A_ISR (Mouse_Drive)
               stack 1 = 00000000 ( 00000008 )
    -------------------------------------------------------------------------
CODE
  Relative segment, address: 00004CF0 - 00004D2B (0x3c bytes), align: 2
  Segment part 10.
           ENTRY                   ADDRESS         REF BY
           =====                   =======         ======
           zlg7289Init             00004CF1        main (maze)
               stack 1 = 00000000 ( 00000004 )
    -------------------------------------------------------------------------
DATA_C
  Relative segment, address: 000056AC - 000056AE (0x3 bytes), align: 0
  Segment part 2.             Intra module refs:   zlg7289Download

    *************************************************************************

  FILE NAME : C:\Program Files (x86)\IAR Systems\Embedded Workbench 4.0 Kickstart\arm\LIB\dl7mptnnl8n.r79
  LIBRARY MODULE, NAME : ?D_DivDouble

  SEGMENTS IN THE MODULE
  ======================
CODE
  Relative segment, address: 00004D2C - 00004FB7 (0x28c bytes), align: 2
  Segment part 0.
           ENTRY                   ADDRESS         REF BY
           =====                   =======         ======
           __aeabi_ddiv            00004D2D 
           __dDiv                  00004D2D        GYRO_Z_Angle (Mouse_Drive)

    -------------------------------------------------------------------------
  LIBRARY MODULE, NAME : __iar_SubNrmlX

  SEGMENTS IN THE MODULE
  ======================
CODE
  Relative segment, address: 00004FB8 - 00004FF3 (0x3c bytes), align: 2
  Segment part 0.
           ENTRY                   ADDRESS         REF BY
           =====                   =======         ======
           __iar_SubNrmlX          00004FB9        Segment part 0 (?D_DivDouble)
           __iar_SubNrmlY          00004FD7        Segment part 0 (?D_DivDouble)

    -------------------------------------------------------------------------
  LIBRARY MODULE, NAME : ?F_AddDouble

  SEGMENTS IN THE MODULE
  ======================
CODE
  Relative segment, address: 00004FF4 - 000050AB (0xb8 bytes), align: 2
  Segment part 0.
           ENTRY                   ADDRESS         REF BY
           =====                   =======         ======
           __aeabi_fadd            00004FF5 
           __fAdd                  00004FF5        __SPIDContr (Mouse_Drive)
                                                   __WPIDContr (Mouse_Drive)
           __fDoAdd                00005003        Segment part 0 (?floatSoftLib)

    -------------------------------------------------------------------------
  LIBRARY MODULE, NAME : ?F_MulFloat

  SEGMENTS IN THE MODULE
  ======================
CODE
  Relative segment, address: 000050AC - 00005213 (0x168 bytes), align: 2
  Segment part 0.
           ENTRY                   ADDRESS         REF BY
           =====                   =======         ======
           __fMul                  000050AD        __SPIDContr (Mouse_Drive)
                                                   __WPIDContr (Mouse_Drive)
           __aeabi_fmul            000050AD 

    -------------------------------------------------------------------------
  LIBRARY MODULE, NAME : ?floatSoftLib

  SEGMENTS IN THE MODULE
  ======================
CODE
  Relative segment, address: 00005214 - 00005327 (0x114 bytes), align: 2
  Segment part 0.
           ENTRY                   ADDRESS         REF BY
           =====                   =======         ======
           __aeabi_fsub            00005215 
           __fSub                  00005215 
           __fDoSub                00005223        Segment part 0 (?F_AddDouble)

    -------------------------------------------------------------------------
  LIBRARY MODULE, NAME : ?div_module

  SEGMENTS IN THE MODULE
  ======================
CODE
  Relative segment, address: 00005328 - 00005333 (0xc bytes), align: 2
  Segment part 5.
           ENTRY                   ADDRESS         REF BY
           =====                   =======         ======
           ??div32_t               00005329        GPIO_Port_A_ISR (Mouse_Drive)
                                                   Timer2A_ISR (Mouse_Drive)
                                                   __irCheck (Mouse_Drive)
                                                   __mazeInfDebug (Mouse_Drive)
                                                   __wallCheck (Mouse_Drive)
                                                   frontLeftMethod (maze)
                                                   frontRightMethod (maze)
                                                   leftMethod (maze)
                                                   mazeBlockDataGet (maze)
                                                   mouseTurnback (Mouse_Drive)
                                                   mouseTurnback_Y (Mouse_Drive)
                                                   mouseTurnleft (Mouse_Drive)
                                                   mouseTurnleft_C (Mouse_Drive)
                                                   mouseTurnright (Mouse_Drive)
                                                   mouseTurnright_C (Mouse_Drive)
                                                   objectGoTo (maze)
                                                   rightMethod (maze)

    -------------------------------------------------------------------------
  LIBRARY MODULE, NAME : ?D_DOUBLE2LONG

  SEGMENTS IN THE MODULE
  ======================
CODE
  Relative segment, address: 00005334 - 0000535F (0x2c bytes), align: 2
  Segment part 0.
           ENTRY                   ADDRESS         REF BY
           =====                   =======         ======
           __aeabi_d2iz            00005335 
           __doubleToLong          00005335        GYRO_Z_Angle (Mouse_Drive)

    -------------------------------------------------------------------------
  LIBRARY MODULE, NAME : ?D_DOUBLE2ULONG

  SEGMENTS IN THE MODULE
  ======================
CODE
  Relative segment, address: 00005360 - 00005389 (0x2a bytes), align: 2
  Segment part 0.
           ENTRY                   ADDRESS         REF BY
           =====                   =======         ======
           __aeabi_d2uiz           00005361 
           __doubleToUlong         00005361 
           __iar_DblToU32          0000536B        Segment part 0 (?D_DOUBLE2LONG)

    -------------------------------------------------------------------------
  LIBRARY MODULE, NAME : ?F_FLOAT2LONG

  SEGMENTS IN THE MODULE
  ======================
CODE
  Relative segment, address: 0000538C - 000053D1 (0x46 bytes), align: 2
  Segment part 0.
           ENTRY                   ADDRESS         REF BY
           =====                   =======         ======
           __aeabi_f2iz            0000538D 
           __floatToLong           0000538D        __SPIDContr (Mouse_Drive)
                                                   __WPIDContr (Mouse_Drive)

    -------------------------------------------------------------------------
  LIBRARY MODULE, NAME : ?F_LONG2FLOAT

  SEGMENTS IN THE MODULE
  ======================
CODE
  Relative segment, address: 000053D4 - 000053E9 (0x16 bytes), align: 2
  Segment part 0.
           ENTRY                   ADDRESS         REF BY
           =====                   =======         ======
           __aeabi_i2f             000053D5 
           __longToFloat           000053D5        __SPIDContr (Mouse_Drive)
                                                   __WPIDContr (Mouse_Drive)

    -------------------------------------------------------------------------
  LIBRARY MODULE, NAME : ?doubleSoftLIb

  SEGMENTS IN THE MODULE
  ======================
CODE
  Relative segment, address: 000053EC - 00005407 (0x1c bytes), align: 2
  Segment part 0.
           ENTRY                   ADDRESS         REF BY
           =====                   =======         ======
           __aeabi_ui2d            000053ED 
           __ulongToDouble         000053ED        GYRO_Z_Angle (Mouse_Drive)
           __iar_U32ToDbl          000053EF 

    -------------------------------------------------------------------------
  LIBRARY MODULE, NAME : ?F_ULONG2FLOAT

  SEGMENTS IN THE MODULE
  ======================
CODE
  Relative segment, address: 00005408 - 00005431 (0x2a bytes), align: 2
  Segment part 0.
           ENTRY                   ADDRESS         REF BY
           =====                   =======         ======
           __aeabi_ui2f            00005409 
           __ulongToFloat          00005409        __SPIDContr (Mouse_Drive)
                                                   __WPIDContr (Mouse_Drive)
           __longToFloatStart      0000540B        Segment part 0 (?F_LONG2FLOAT)




                ****************************************
                *                                      *
                *      SEGMENTS IN ADDRESS ORDER       *
                *                                      *
                ****************************************


SEGMENT              SPACE    START ADDRESS   END ADDRESS     SIZE  TYPE  ALIGN
=======              =====    =============   ===========     ====  ====  =====
INTVEC                             00000000 - 000000EF          F0   rel    2
CODE                               000000F0 - 00005431        5342   rel    2
INITTAB                            00005434 - 0000544B          18   rel    2
DATA_ID                            0000544C - 0000565F         214   rel    2
DATA_C                             00005660 - 000056AE          4F   rel    2
DATA_I                             20000000 - 20000213         214   rel    2
DATA_Z                             20000214 - 20000A02         7EF   rel    2

                ****************************************
                *                                      *
                *        END OF CROSS REFERENCE        *
                *                                      *
                ****************************************

 21 554 bytes of CODE  memory
  2 563 bytes of DATA  memory
    635 bytes of CONST memory

Errors: none
Warnings: 1

